<?xml version="1.0" encoding="UTF-8" standalone="no"?>
<mappingRoot xmlns="http://www.ibm.com/2008/ccl/Mapping" xmlns:map="default" domainID="com.ibm.msl.mapping.xml" domainIDExtension="mb" mainMap="true" targetNamespace="default" version="8.0.5.0">
    <input path="/EMP.xsd"/>
    <output path="/EMP.xsd"/>
    <generation engine="xquery"/>
    <mappingDeclaration name="Database_Mapping_Flow_Mapping">
        <input path="mb:msg(EMP,assembly,XMLNSC,Properties)" var="MessageAssembly"/>
        <output path="mb:msg(EMP,assembly,XMLNSC,Properties)" var="MessageAssembly1"/>
        <move automap="true">
            <input path="$MessageAssembly/EMP/ID"/>
            <output path="$MessageAssembly1/EMP/ID"/>
        </move>
        <move automap="true">
            <input path="$MessageAssembly/EMP/NAME"/>
            <output path="$MessageAssembly1/EMP/NAME"/>
        </move>
        <move automap="true">
            <input path="$MessageAssembly/EMP/SALARY"/>
            <output path="$MessageAssembly1/EMP/SALARY"/>
        </move>
        <move automap="true">
            <input path="$MessageAssembly/EMP/AGE"/>
            <output path="$MessageAssembly1/EMP/AGE"/>
        </move>
    </mappingDeclaration>
</mappingRoot>
